%CPU %MEM ARGS Fri Oct  2 22:31:47 UTC 2026
 0.0  0.0 ./cli mmap images/4096x4096   1  1816
 0.0  0.0 grep --color=auto ./cli       1  2192
  PID User     Command                         Swap      USS      PSS      RSS 
21923 codespace ./cli mmap images/4096x4096        0     2544     3091     6300 
21921 codespace ./cli mmap images/4096x4096        0     2584     3148     6404 
21919 codespace ./cli mmap images/4096x4096        0     2704     3323     6748 
21913 codespace ./cli mmap images/4096x4096        0     3876     5089     9004 
21917 codespace ./cli mmap images/4096x4096        0     7176     8432    12416 
21909 codespace /usr/bin/python3 /usr/bin/s        0    11916    12158    14364 
%CPU %MEM ARGS Fri Oct  2 22:31:47 UTC 2026
 0.0  0.0 grep --color=auto ./cli       0  2248
22.9  0.1 ./cli mmap images/4096x4096   1 13564
23.3  0.1 ./cli mmap images/4096x4096   1 13152
23.7  0.1 ./cli mmap images/4096x4096   1 12940
30.1  0.2 ./cli mmap images/4096x4096   0 17184
38.7  0.2 ./cli mmap images/4096x4096   0 20500
  PID User     Command                         Swap      USS      PSS      RSS 
21921 codespace ./cli mmap images/4096x4096        0     8292     9992    17808 
21923 codespace ./cli mmap images/4096x4096        0     8556    10320    18328 
21919 codespace ./cli mmap images/4096x4096        0     8820    10706    19008 
21932 codespace /usr/bin/python3 /usr/bin/s        0    12108    12332    14624 
21913 codespace ./cli mmap images/4096x4096        0    10516    13280    22300 
21917 codespace ./cli mmap images/4096x4096        0    19388    22223    31348 
%CPU %MEM ARGS Fri Oct  2 22:31:48 UTC 2026
 0.0  0.0 grep --color=auto ./cli       1  2288
22.7  0.3 ./cli mmap images/4096x4096   1 24676
23.2  0.3 ./cli mmap images/4096x4096   1 25304
23.3  0.2 ./cli mmap images/4096x4096   1 24076
30.7  0.3 ./cli mmap images/4096x4096   1 32040
38.8  0.5 ./cli mmap images/4096x4096   0 40844
  PID User     Command                         Swap      USS      PSS      RSS 
21961 codespace /usr/bin/python3 /usr/bin/s        0    12056    12267    14472 
21921 codespace ./cli mmap images/4096x4096        0    12808    15413    26868 
21923 codespace ./cli mmap images/4096x4096        0    13112    15810    27556 
21919 codespace ./cli mmap images/4096x4096        0    13304    16073    27972 
21913 codespace ./cli mmap images/4096x4096        0    16648    21112    34576 
21917 codespace ./cli mmap images/4096x4096        0    28672    33116    46584 
%CPU %MEM ARGS Fri Oct  2 22:31:48 UTC 2026
 0.0  0.0 grep --color=auto ./cli       0  2180
23.8  0.4 ./cli mmap images/4096x4096   0 34296
23.9  0.4 ./cli mmap images/4096x4096   0 33652
25.2  0.4 ./cli mmap images/4096x4096   0 35316
28.7  0.5 ./cli mmap images/4096x4096   1 41144
39.3  0.6 ./cli mmap images/4096x4096   0 54564
  PID User     Command                         Swap      USS      PSS      RSS 
21966 codespace /usr/bin/python3 /usr/bin/s        0    12072    12310    14616 
21921 codespace ./cli mmap images/4096x4096        0    18772    22568    38784 
21923 codespace ./cli mmap images/4096x4096        0    19368    23305    39956 
21913 codespace ./cli mmap images/4096x4096        0    22392    27399    46080 
21919 codespace ./cli mmap images/4096x4096        0    22960    28268    47420 
21917 codespace ./cli mmap images/4096x4096        0    35416    40622    59536 
%CPU %MEM ARGS Fri Oct  2 22:31:49 UTC 2026
 0.0  0.0 grep --color=auto ./cli       0  2208
23.9  0.5 ./cli mmap images/4096x4096   0 46104
24.4  0.5 ./cli mmap images/4096x4096   1 46740
28.2  0.6 ./cli mmap images/4096x4096   1 53540
29.3  0.6 ./cli mmap images/4096x4096   1 56136
36.4  0.8 ./cli mmap images/4096x4096   1 68728
  PID User     Command                         Swap      USS      PSS      RSS 
21988 codespace /usr/bin/python3 /usr/bin/s        0    12060    12270    14476 
21921 codespace ./cli mmap images/4096x4096        0    24796    29808    50888 
21923 codespace ./cli mmap images/4096x4096        0    25112    30181    51460 
21913 codespace ./cli mmap images/4096x4096        0    28052    34153    57372 
21919 codespace ./cli mmap images/4096x4096        0    29524    36326    60448 
21917 codespace ./cli mmap images/4096x4096        0    42136    48919    72848 
%CPU %MEM ARGS Fri Oct  2 22:31:49 UTC 2026
 0.0  0.0 grep --color=auto ./cli       1  2292
25.6  0.7 ./cli mmap images/4096x4096   0 58868
26.0  0.7 ./cli mmap images/4096x4096   1 59800
28.4  0.8 ./cli mmap images/4096x4096   0 65952
29.7  0.8 ./cli mmap images/4096x4096   1 69096
35.1  0.9 ./cli mmap images/4096x4096   0 80152
  PID User     Command                         Swap      USS      PSS      RSS 
22000 codespace /usr/bin/python3 /usr/bin/s        0    12068    12313    14540 
21921 codespace ./cli mmap images/4096x4096        0    31668    38055    64608 
21923 codespace ./cli mmap images/4096x4096        0    32072    38549    65396 
21913 codespace ./cli mmap images/4096x4096        0    34836    42310    71004 
21919 codespace ./cli mmap images/4096x4096        0    36348    44525    74120 
21917 codespace ./cli mmap images/4096x4096        0    47236    55357    84732 
%CPU %MEM ARGS Fri Oct  2 22:31:50 UTC 2026
 0.0  0.0 grep --color=auto ./cli       1  2156
26.4  0.8 ./cli mmap images/4096x4096   0 71816
26.8  0.8 ./cli mmap images/4096x4096   0 72572
29.2  0.9 ./cli mmap images/4096x4096   0 78896
31.1  1.0 ./cli mmap images/4096x4096   1 84040
35.5  1.1 ./cli mmap images/4096x4096   1 94848
  PID User     Command                         Swap      USS      PSS      RSS 
22005 codespace /usr/bin/python3 /usr/bin/s        0    12064    12323    14480 
21921 codespace ./cli mmap images/4096x4096        0    37816    45445    76964 
21923 codespace ./cli mmap images/4096x4096        0    38224    45946    77756 
21913 codespace ./cli mmap images/4096x4096        0    40996    49704    83308 
21919 codespace ./cli mmap images/4096x4096        0    43844    53886    89040 
21917 codespace ./cli mmap images/4096x4096        0    54796    64834    99844 
%CPU %MEM ARGS Fri Oct  2 22:31:50 UTC 2026
 0.0  0.0 grep --color=auto ./cli       1  2340
27.5  1.0 ./cli mmap images/4096x4096   0 84332
27.6  1.0 ./cli mmap images/4096x4096   0 84892
29.1  1.1 ./cli mmap images/4096x4096   1 90640
31.6  1.1 ./cli mmap images/4096x4096   0 97140
35.1  1.3 ./cli mmap images/4096x4096   1 108072
  PID User     Command                         Swap      USS      PSS      RSS 
22011 codespace /usr/bin/python3 /usr/bin/s        0    12072    12342    14516 
21921 codespace ./cli mmap images/4096x4096        0    44024    52882    89316 
21923 codespace ./cli mmap images/4096x4096        0    44340    53262    89888 
21913 codespace ./cli mmap images/4096x4096        0    46816    56597    94888 
21919 codespace ./cli mmap images/4096x4096        0    50348    61870   102072 
21917 codespace ./cli mmap images/4096x4096        0    60912    72378   112424 
%CPU %MEM ARGS Fri Oct  2 22:31:51 UTC 2026
 0.0  0.0 grep --color=auto ./cli       1  2200
26.9  1.1 ./cli mmap images/4096x4096   1 94188
27.4  1.1 ./cli mmap images/4096x4096   1 96252
29.0  1.2 ./cli mmap images/4096x4096   1 101932
31.0  1.3 ./cli mmap images/4096x4096   0 107716
34.0  1.4 ./cli mmap images/4096x4096   0 118272
  PID User     Command                         Swap      USS      PSS      RSS 
22022 codespace /usr/bin/python3 /usr/bin/s        0    12100    12380    14588 
21921 codespace ./cli mmap images/4096x4096        0    48996    58839    99216 
21923 codespace ./cli mmap images/4096x4096        0    50632    60901   102580 
21913 codespace ./cli mmap images/4096x4096        0    53056    64195   107400 
21919 codespace ./cli mmap images/4096x4096        0    55752    68142   112852 
21917 codespace ./cli mmap images/4096x4096        0    66064    78436   122952 
%CPU %MEM ARGS Fri Oct  2 22:31:52 UTC 2026
 0.0  0.0 grep --color=auto ./cli       0  2212
25.4  1.2 ./cli mmap images/4096x4096   1 104584
27.3  1.3 ./cli mmap images/4096x4096   1 113700
27.4  1.3 ./cli mmap images/4096x4096   0 113384
28.6  1.4 ./cli mmap images/4096x4096   0 118852
31.2  1.5 ./cli mmap images/4096x4096   1 128932
  PID User     Command                         Swap      USS      PSS      RSS 
22046 codespace /usr/bin/python3 /usr/bin/s        0    12056    12295    14420 
21921 codespace ./cli mmap images/4096x4096        0    54336    65267   109996 
21913 codespace ./cli mmap images/4096x4096        0    58412    70389   118132 
21923 codespace ./cli mmap images/4096x4096        0    58920    70997   119188 
21919 codespace ./cli mmap images/4096x4096        0    61276    74571   123880 
21917 codespace ./cli mmap images/4096x4096        0    71448    84716   133840 
%CPU %MEM ARGS Fri Oct  2 22:31:52 UTC 2026
 0.0  0.0 grep --color=auto ./cli       1  2252
26.1  1.4 ./cli mmap images/4096x4096   0 118656
27.5  1.5 ./cli mmap images/4096x4096   1 126752
27.9  1.5 ./cli mmap images/4096x4096   1 127332
29.3  1.6 ./cli mmap images/4096x4096   0 133996
31.2  1.7 ./cli mmap images/4096x4096   1 142248
  PID User     Command                         Swap      USS      PSS      RSS 
22051 codespace /usr/bin/python3 /usr/bin/s        0    12060    12285    14476 
21921 codespace ./cli mmap images/4096x4096        0    63212    75908   127704 
21913 codespace ./cli mmap images/4096x4096        0    65004    78215   131380 
21923 codespace ./cli mmap images/4096x4096        0    65908    79253   133024 
21919 codespace ./cli mmap images/4096x4096        0    70512    86395   142588 
21917 codespace ./cli mmap images/4096x4096        0    75464    91179   147008 
%CPU %MEM ARGS Fri Oct  2 22:31:53 UTC 2026
 0.0  0.0 grep --color=auto ./cli       1  2344
26.8  1.6 ./cli mmap images/4096x4096   0 135452
27.6  1.7 ./cli mmap images/4096x4096   1 140160
27.6  1.7 ./cli mmap images/4096x4096   1 140012
29.9  1.8 ./cli mmap images/4096x4096   0 151132
30.9  1.9 ./cli mmap images/4096x4096   0 155644
  PID User     Command                         Swap      USS      PSS      RSS 
22077 codespace /usr/bin/python3 /usr/bin/s        0    12096    12341    14584 
21921 codespace ./cli mmap images/4096x4096        0    69760    83757   140780 
21913 codespace ./cli mmap images/4096x4096        0    71732    86267   144828 
21923 codespace ./cli mmap images/4096x4096        0    72364    86995   145944 
21919 codespace ./cli mmap images/4096x4096        0    77524    94825   156384 
21917 codespace ./cli mmap images/4096x4096        0    81844    99121   160492 
%CPU %MEM ARGS Fri Oct  2 22:31:53 UTC 2026
 0.0  0.0 grep --color=auto ./cli       1  2296
26.9  1.8 ./cli mmap images/4096x4096   1 147176
27.5  1.8 ./cli mmap images/4096x4096   1 151576
27.5  1.8 ./cli mmap images/4096x4096   1 150792
29.9  2.0 ./cli mmap images/4096x4096   0 163660
30.7  2.0 ./cli mmap images/4096x4096   0 168192
  PID User     Command                         Swap      USS      PSS      RSS 
22084 codespace /usr/bin/python3 /usr/bin/s        0    12104    12373    14548 
21921 codespace ./cli mmap images/4096x4096        0    76260    91582   153872 
21923 codespace ./cli mmap images/4096x4096        0    77712    93392   156796 
21913 codespace ./cli mmap images/4096x4096        0    77856    93655   157032 
21919 codespace ./cli mmap images/4096x4096        0    84004   102731   169328 
21917 codespace ./cli mmap images/4096x4096        0    87832   106563   173008 
%CPU %MEM ARGS Fri Oct  2 22:31:54 UTC 2026
 0.0  0.0 grep --color=auto ./cli       1  2296
26.5  1.9 ./cli mmap images/4096x4096   0 161684
27.1  2.0 ./cli mmap images/4096x4096   0 166052
27.2  2.0 ./cli mmap images/4096x4096   1 166120
29.1  2.1 ./cli mmap images/4096x4096   0 176748
30.1  2.2 ./cli mmap images/4096x4096   1 183056
  PID User     Command                         Swap      USS      PSS      RSS 
22111 codespace /usr/bin/python3 /usr/bin/s        0    12056    12298    14472 
21921 codespace ./cli mmap images/4096x4096        0    82908    99548   167112 
21913 codespace ./cli mmap images/4096x4096        0    84816   101940   170904 
21923 codespace ./cli mmap images/4096x4096        0    85144   102346   171588 
21919 codespace ./cli mmap images/4096x4096        0    89992   109645   181332 
21917 codespace ./cli mmap images/4096x4096        0    96892   116540   188084 
%CPU %MEM ARGS Fri Oct  2 22:31:55 UTC 2026
 0.0  0.0 grep --color=auto ./cli       1  2164
27.0  2.1 ./cli mmap images/4096x4096   0 174968
27.4  2.1 ./cli mmap images/4096x4096   1 177640
27.5  2.2 ./cli mmap images/4096x4096   0 179356
28.9  2.3 ./cli mmap images/4096x4096   1 187848
30.4  2.4 ./cli mmap images/4096x4096   0 196348
  PID User     Command                         Swap      USS      PSS      RSS 
22117 codespace /usr/bin/python3 /usr/bin/s        0    12004    12256    14468 
21921 codespace ./cli mmap images/4096x4096        0    89964   108025   181272 
21923 codespace ./cli mmap images/4096x4096        0    91284   109655   183872 
21913 codespace ./cli mmap images/4096x4096        0    91436   109985   184244 
21919 codespace ./cli mmap images/4096x4096        0    95852   116482   193144 
21917 codespace ./cli mmap images/4096x4096        0   104756   125349   201772 
%CPU %MEM ARGS Fri Oct  2 22:31:55 UTC 2026
 0.0  0.0 grep --color=auto ./cli       0  2344
27.4  2.3 ./cli mmap images/4096x4096   0 189168
28.0  2.3 ./cli mmap images/4096x4096   0 193280
28.0  2.3 ./cli mmap images/4096x4096   1 193432
29.5  2.5 ./cli mmap images/4096x4096   1 203352
30.5  2.5 ./cli mmap images/4096x4096   0 210328
  PID User     Command                         Swap      USS      PSS      RSS 
22122 codespace /usr/bin/python3 /usr/bin/s        0    12096    12376    14584 
21921 codespace ./cli mmap images/4096x4096        0    96556   115935   194456 
21913 codespace ./cli mmap images/4096x4096        0    98548   118510   198524 
21923 codespace ./cli mmap images/4096x4096        0    99008   118986   199340 
21919 codespace ./cli mmap images/4096x4096        0   103640   125973   208676 
21917 codespace ./cli mmap images/4096x4096        0   111256   133557   216016 
%CPU %MEM ARGS Fri Oct  2 22:31:56 UTC 2026
 0.0  0.0 grep --color=auto ./cli       0  2184
27.7  2.4 ./cli mmap images/4096x4096   1 203156
28.2  2.5 ./cli mmap images/4096x4096   0 206468
28.3  2.5 ./cli mmap images/4096x4096   0 208380
29.7  2.6 ./cli mmap images/4096x4096   1 217692
30.8  2.7 ./cli mmap images/4096x4096   0 225296
  PID User     Command                         Swap      USS      PSS      RSS 
22128 codespace /usr/bin/python3 /usr/bin/s        0    12060    12263    14528 
21921 codespace ./cli mmap images/4096x4096        0   103692   124479   208632 
21923 codespace ./cli mmap images/4096x4096        0   105568   126807   212364 
21913 codespace ./cli mmap images/4096x4096        0   105568   126954   212456 
21919 codespace ./cli mmap images/4096x4096        0   111064   134997   223524 
21917 codespace ./cli mmap images/4096x4096        0   117392   141361   229576 
%CPU %MEM ARGS Fri Oct  2 22:31:56 UTC 2026
 0.0  0.0 grep --color=auto ./cli       1  2208
27.3  2.6 ./cli mmap images/4096x4096   0 214036
28.0  2.7 ./cli mmap images/4096x4096   0 219636
28.2  2.7 ./cli mmap images/4096x4096   1 221228
29.5  2.8 ./cli mmap images/4096x4096   1 230864
30.2  2.9 ./cli mmap images/4096x4096   1 236552
  PID User     Command                         Swap      USS      PSS      RSS 
22140 codespace /usr/bin/python3 /usr/bin/s        0    12068    12309    14476 
21921 codespace ./cli mmap images/4096x4096        0   110796   133017   222904 
21923 codespace ./cli mmap images/4096x4096        0   112164   134724   225680 
21913 codespace ./cli mmap images/4096x4096        0   112200   134918   225808 
21919 codespace ./cli mmap images/4096x4096        0   117660   142888   236712 
21917 codespace ./cli mmap images/4096x4096        0   123304   148498   242080 
%CPU %MEM ARGS Fri Oct  2 22:31:57 UTC 2026
 0.0  0.0 grep --color=auto ./cli       1  2172
27.1  2.8 ./cli mmap images/4096x4096   1 229232
27.4  2.8 ./cli mmap images/4096x4096   1 231172
27.5  2.8 ./cli mmap images/4096x4096   1 234128
28.8  2.9 ./cli mmap images/4096x4096   1 243520
29.4  3.0 ./cli mmap images/4096x4096   1 249104
  PID User     Command                         Swap      USS      PSS      RSS 
22145 codespace /usr/bin/python3 /usr/bin/s        0    12096    12365    14540 
21921 codespace ./cli mmap images/4096x4096        0   116828   140278   235080 
21923 codespace ./cli mmap images/4096x4096        0   118412   142220   238136 
21913 codespace ./cli mmap images/4096x4096        0   118560   142545   238440 
21919 codespace ./cli mmap images/4096x4096        0   123684   150083   248752 
21917 codespace ./cli mmap images/4096x4096        0   128964   155343   253756 
%CPU %MEM ARGS Fri Oct  2 22:31:58 UTC 2026
 0.0  0.0 grep --color=auto ./cli       1  2252
26.6  2.9 ./cli mmap images/4096x4096   1 242172
26.8  2.9 ./cli mmap images/4096x4096   1 243984
27.0  3.0 ./cli mmap images/4096x4096   1 246148
28.1  3.1 ./cli mmap images/4096x4096   1 255484
28.6  3.2 ./cli mmap images/4096x4096   1 260460
  PID User     Command                         Swap      USS      PSS      RSS 
22151 codespace /usr/bin/python3 /usr/bin/s        0    12072    12294    14516 
21921 codespace ./cli mmap images/4096x4096        0   123244   147960   247832 
21923 codespace ./cli mmap images/4096x4096        0   124064   148960   249420 
21913 codespace ./cli mmap images/4096x4096        0   124932   150180   251212 
21919 codespace ./cli mmap images/4096x4096        0   129904   157598   261244 
21917 codespace ./cli mmap images/4096x4096        0   135600   163195   266600 
%CPU %MEM ARGS Fri Oct  2 22:31:59 UTC 2026
 0.0  0.0 grep --color=auto ./cli       0  2192
25.8  3.1 ./cli mmap images/4096x4096   1 253812
26.2  3.1 ./cli mmap images/4096x4096   1 257700
26.6  3.2 ./cli mmap images/4096x4096   0 260760
27.1  3.2 ./cli mmap images/4096x4096   0 266688
27.8  3.3 ./cli mmap images/4096x4096   1 272768
  PID User     Command                         Swap      USS      PSS      RSS 
22169 codespace /usr/bin/python3 /usr/bin/s        0    12072    12323    14512 
21921 codespace ./cli mmap images/4096x4096        0   130752   156967   262828 
21913 codespace ./cli mmap images/4096x4096        0   130792   157066   262960 
21923 codespace ./cli mmap images/4096x4096        0   133172   160099   267680 
21919 codespace ./cli mmap images/4096x4096        0   135420   163585   272200 
21917 codespace ./cli mmap images/4096x4096        0   141756   169899   278324 
%CPU %MEM ARGS Fri Oct  2 22:32:00 UTC 2026
 0.0  0.0 grep --color=auto ./cli       1  2248
25.7  3.3 ./cli mmap images/4096x4096   1 271004
25.9  3.3 ./cli mmap images/4096x4096   0 272272
26.1  3.3 ./cli mmap images/4096x4096   0 273508
26.8  3.4 ./cli mmap images/4096x4096   1 282204
27.4  3.5 ./cli mmap images/4096x4096   0 288136
  PID User     Command                         Swap      USS      PSS      RSS 
22175 codespace /usr/bin/python3 /usr/bin/s        0    12056    12307    14540 
21913 codespace ./cli mmap images/4096x4096        0   136868   164315   275116 
21923 codespace ./cli mmap images/4096x4096        0   138796   166671   278872 
21921 codespace ./cli mmap images/4096x4096        0   138792   166706   278932 
21919 codespace ./cli mmap images/4096x4096        0   142928   172921   287196 
21917 codespace ./cli mmap images/4096x4096        0   149720   179669   293712 
%CPU %MEM ARGS Fri Oct  2 22:32:01 UTC 2026
 0.0  0.0 grep --color=auto ./cli       1  2160
25.6  3.4 ./cli mmap images/4096x4096   1 284072
25.8  3.5 ./cli mmap images/4096x4096   0 284920
25.9  3.5 ./cli mmap images/4096x4096   0 286308
26.5  3.6 ./cli mmap images/4096x4096   1 293348
27.4  3.7 ./cli mmap images/4096x4096   0 302744
  PID User     Command                         Swap      USS      PSS      RSS 
22181 codespace /usr/bin/python3 /usr/bin/s        0    12068    12300    14480 
21913 codespace ./cli mmap images/4096x4096        0   144756   173810   290940 
21921 codespace ./cli mmap images/4096x4096        0   145168   174263   291644 
21923 codespace ./cli mmap images/4096x4096        0   145564   174744   292424 
21919 codespace ./cli mmap images/4096x4096        0   148912   179901   299260 
21917 codespace ./cli mmap images/4096x4096        0   158708   189615   308716 
%CPU %MEM ARGS Fri Oct  2 22:32:01 UTC 2026
 0.0  0.0 grep --color=auto ./cli       1  2208
25.3  3.6 ./cli mmap images/4096x4096   0 297348
25.3  3.6 ./cli mmap images/4096x4096   1 297496
25.5  3.6 ./cli mmap images/4096x4096   1 297496
26.0  3.7 ./cli mmap images/4096x4096   0 305228
27.3  3.9 ./cli mmap images/4096x4096   1 319476
  PID User     Command                         Swap      USS      PSS      RSS 
22192 codespace /usr/bin/python3 /usr/bin/s        0    12052    12305    14512 
21913 codespace ./cli mmap images/4096x4096        0   151012   181309   303404 
21921 codespace ./cli mmap images/4096x4096        0   151692   182105   304760 
21923 codespace ./cli mmap images/4096x4096        0   152364   182908   306008 
21919 codespace ./cli mmap images/4096x4096        0   155468   187801   312408 
21917 codespace ./cli mmap images/4096x4096        0   169436   201651   325844 
%CPU %MEM ARGS Fri Oct  2 22:32:02 UTC 2026
 0.0  0.0 grep --color=auto ./cli       0  2296
24.9  3.8 ./cli mmap images/4096x4096   0 312052
24.9  3.8 ./cli mmap images/4096x4096   0 313124
25.0  3.8 ./cli mmap images/4096x4096   0 312840
25.9  3.9 ./cli mmap images/4096x4096   1 324068
26.8  4.1 ./cli mmap images/4096x4096   1 336160
  PID User     Command                         Swap      USS      PSS      RSS 
22217 codespace /usr/bin/python3 /usr/bin/s        0    12068    12328    14512 
21913 codespace ./cli mmap images/4096x4096        0   158124   189874   317684 
21921 codespace ./cli mmap images/4096x4096        0   158692   190513   318800 
21923 codespace ./cli mmap images/4096x4096        0   159180   191097   319736 
21919 codespace ./cli mmap images/4096x4096        0   164208   198777   329852 
21917 codespace ./cli mmap images/4096x4096        0   176160   210659   341400 
%CPU %MEM ARGS Fri Oct  2 22:32:03 UTC 2026
 0.0  0.0 grep --color=auto ./cli       0  2172
25.2  4.0 ./cli mmap images/4096x4096   0 327572
25.2  4.0 ./cli mmap images/4096x4096   0 328376
25.3  4.0 ./cli mmap images/4096x4096   1 327692
26.1  4.1 ./cli mmap images/4096x4096   1 338896
26.9  4.3 ./cli mmap images/4096x4096   0 349968
  PID User     Command                         Swap      USS      PSS      RSS 
22222 codespace /usr/bin/python3 /usr/bin/s        0    12140    12396    14584 
21913 codespace ./cli mmap images/4096x4096        0   165820   199085   333060 
21921 codespace ./cli mmap images/4096x4096        0   166896   200343   335132 
21923 codespace ./cli mmap images/4096x4096        0   167816   201535   337204 
21919 codespace ./cli mmap images/4096x4096        0   171420   207154   344232 
21917 codespace ./cli mmap images/4096x4096        0   183716   219457   356124 
%CPU %MEM ARGS Fri Oct  2 22:32:04 UTC 2026
 0.0  0.0 grep --color=auto ./cli       0  2176
25.4  4.2 ./cli mmap images/4096x4096   1 343136
25.5  4.2 ./cli mmap images/4096x4096   1 346132
25.6  4.2 ./cli mmap images/4096x4096   1 345372
26.2  4.3 ./cli mmap images/4096x4096   0 353376
27.2  4.5 ./cli mmap images/4096x4096   0 368380
  PID User     Command                         Swap      USS      PSS      RSS 
22234 codespace /usr/bin/python3 /usr/bin/s        0    12140    12396    14584 
21921 codespace ./cli mmap images/4096x4096        0   174436   209406   350288 
21913 codespace ./cli mmap images/4096x4096        0   174832   209988   351096 
21923 codespace ./cli mmap images/4096x4096        0   175864   211157   353060 
21919 codespace ./cli mmap images/4096x4096        0   179492   216776   360496 
21917 codespace ./cli mmap images/4096x4096        0   194384   231585   374920 
%CPU %MEM ARGS Fri Oct  2 22:32:04 UTC 2026
 0.0  0.0 grep --color=auto ./cli       0  2148
25.6  4.4 ./cli mmap images/4096x4096   1 358288
25.7  4.4 ./cli mmap images/4096x4096   0 359172
25.8  4.4 ./cli mmap images/4096x4096   1 361244
26.3  4.5 ./cli mmap images/4096x4096   0 367952
27.3  4.7 ./cli mmap images/4096x4096   0 383124
  PID User     Command                         Swap      USS      PSS      RSS 
22244 codespace /usr/bin/python3 /usr/bin/s        0    12008    12260    14484 
21921 codespace ./cli mmap images/4096x4096        0   182460   219084   366504 
21923 codespace ./cli mmap images/4096x4096        0   182656   219264   366700 
21913 codespace ./cli mmap images/4096x4096        0   182632   219429   366704 
21919 codespace ./cli mmap images/4096x4096        0   186224   224421   374012 
21917 codespace ./cli mmap images/4096x4096        0   201024   239314   388344 
%CPU %MEM ARGS Fri Oct  2 22:32:05 UTC 2026
 0.0  0.0 grep --color=auto ./cli       1  2212
25.8  4.6 ./cli mmap images/4096x4096   0 374292
26.0  4.6 ./cli mmap images/4096x4096   1 377476
26.1  4.6 ./cli mmap images/4096x4096   1 380032
26.3  4.6 ./cli mmap images/4096x4096   0 381644
27.3  5.0 ./cli mmap images/4096x4096   0 408928
  PID User     Command                         Swap      USS      PSS      RSS 
22250 codespace /usr/bin/python3 /usr/bin/s        0    12068    12315    14544 
21921 codespace ./cli mmap images/4096x4096        0   190668   228875   382712 
21923 codespace ./cli mmap images/4096x4096        0   192544   231226   386572 
21913 codespace ./cli mmap images/4096x4096        0   193036   232222   387476 
21919 codespace ./cli mmap images/4096x4096        0   193460   232697   388800 
21917 codespace ./cli mmap images/4096x4096        0   251356   290604   446228 
%CPU %MEM ARGS Fri Oct  2 22:32:06 UTC 2026
 0.0  0.0 grep --color=auto ./cli       0  2196
25.8  4.8 ./cli mmap images/4096x4096   0 391044
26.1  4.8 ./cli mmap images/4096x4096   1 398296
26.2  5.1 ./cli mmap images/4096x4096   0 415856
26.4  5.1 ./cli mmap images/4096x4096   0 419984
27.3  6.3 ./cli mmap images/4096x4096   1 519368
  PID User     Command                         Swap      USS      PSS      RSS 
22262 codespace /usr/bin/python3 /usr/bin/s        0    12072    12336    14516 
21921 codespace ./cli mmap images/4096x4096        0   223472   262846   421344 
21913 codespace ./cli mmap images/4096x4096        0   256688   296066   454588 
21919 codespace ./cli mmap images/4096x4096        0   270748   310129   468716 
21923 codespace ./cli mmap images/4096x4096        0   274472   313846   472344 
21917 codespace ./cli mmap images/4096x4096        0   374636   414011   572520 
%CPU %MEM ARGS Fri Oct  2 22:32:07 UTC 2026
 0.0  0.0 grep --color=auto ./cli       1  2156
25.3  5.4 ./cli mmap images/4096x4096   0 443604
25.7  6.0 ./cli mmap images/4096x4096   1 492244
25.8  6.0 ./cli mmap images/4096x4096   0 495640
25.8  6.0 ./cli mmap images/4096x4096   0 494304
26.8  3.8 ./cli mmap images/4096x4096   1 317008
  PID User     Command                         Swap      USS      PSS      RSS 
22268 codespace /usr/bin/python3 /usr/bin/s        0    11896    12135    14312 
%CPU %MEM ARGS Fri Oct  2 22:32:13 UTC 2026
 0.0  0.0 grep --color=auto ./cli       0  2292
  PID User     Command                         Swap      USS      PSS      RSS 
22367 codespace /usr/bin/python3 /usr/bin/s        0    11824    12121    14312 
