%CPU %MEM ARGS Fri Oct  2 22:30:19 UTC 2026
 0.0  0.0 grep --color=auto ./cli       0  2248
 0.0  0.0 ./cli kernel images/1024x10   0  1336
  PID User     Command                         Swap      USS      PSS      RSS 
20876 codespace ./cli kernel images/1024x10        0     4548     4593     5800 
20870 codespace ./cli kernel images/1024x10        0     4600     4645     5824 
20872 codespace ./cli kernel images/1024x10        0     4820     4867     6084 
20874 codespace ./cli kernel images/1024x10        0     4844     4889     6096 
20878 codespace ./cli kernel images/1024x10        0     4868     4919     6160 
20864 codespace /usr/bin/python3 /usr/bin/s        0    11796    12059    14336 
%CPU %MEM ARGS Fri Oct  2 22:30:22 UTC 2026
 0.0  0.0 grep --color=auto ./cli       0  2308
27.0  0.0 ./cli kernel images/1024x10   0  6372
27.4  0.0 ./cli kernel images/1024x10   1  6512
28.7  0.0 ./cli kernel images/1024x10   0  6728
28.7  0.0 ./cli kernel images/1024x10   1  6792
29.6  0.0 ./cli kernel images/1024x10   1  6844
  PID User     Command                         Swap      USS      PSS      RSS 
20876 codespace ./cli kernel images/1024x10        0     5596     5648     6848 
20870 codespace ./cli kernel images/1024x10        0     5820     5873     7044 
20872 codespace ./cli kernel images/1024x10        0     5928     5981     7192 
20874 codespace ./cli kernel images/1024x10        0     6108     6160     7360 
20878 codespace ./cli kernel images/1024x10        0     6140     6196     7432 
20928 codespace /usr/bin/python3 /usr/bin/s        0    12064    12329    14508 
%CPU %MEM ARGS Fri Oct  2 22:30:22 UTC 2026
 0.0  0.0 grep --color=auto ./cli       1  2292
26.9  0.0 ./cli kernel images/1024x10   0  7508
28.3  0.0 ./cli kernel images/1024x10   0  7856
29.2  0.0 ./cli kernel images/1024x10   1  7980
29.8  0.0 ./cli kernel images/1024x10   0  8068
30.2  0.1 ./cli kernel images/1024x10   1  8264
  PID User     Command                         Swap      USS      PSS      RSS 
20876 codespace ./cli kernel images/1024x10        0     6676     6728     7928 
20872 codespace ./cli kernel images/1024x10        0     7024     7077     8288 
20870 codespace ./cli kernel images/1024x10        0     7156     7208     8380 
20878 codespace ./cli kernel images/1024x10        0     7200     7256     8492 
20874 codespace ./cli kernel images/1024x10        0     7476     7528     8728 
20934 codespace /usr/bin/python3 /usr/bin/s        0    12048    12291    14464 
%CPU %MEM ARGS Fri Oct  2 22:30:23 UTC 2026
 0.0  0.0 grep --color=auto ./cli       0  2176
27.1  0.1 ./cli kernel images/1024x10   0  8508
28.3  0.1 ./cli kernel images/1024x10   0  8884
29.3  0.1 ./cli kernel images/1024x10   1  9116
29.5  0.1 ./cli kernel images/1024x10   1  9092
31.3  0.1 ./cli kernel images/1024x10   1  9632
  PID User     Command                         Swap      USS      PSS      RSS 
20876 codespace ./cli kernel images/1024x10        0     7740     7786     8992 
20872 codespace ./cli kernel images/1024x10        0     8084     8131     9348 
20878 codespace ./cli kernel images/1024x10        0     8348     8397     9640 
20870 codespace ./cli kernel images/1024x10        0     8352     8399     9576 
20874 codespace ./cli kernel images/1024x10        0     8920     8966    10172 
20956 codespace /usr/bin/python3 /usr/bin/s        0    12052    12277    14468 
%CPU %MEM ARGS Fri Oct  2 22:30:23 UTC 2026
 0.0  0.0 grep --color=auto ./cli       0  2248
27.2  0.1 ./cli kernel images/1024x10   0  9612
28.5  0.1 ./cli kernel images/1024x10   0  9984
29.4  0.1 ./cli kernel images/1024x10   0 10224
30.3  0.1 ./cli kernel images/1024x10   1 10452
31.9  0.1 ./cli kernel images/1024x10   1 11008
  PID User     Command                         Swap      USS      PSS      RSS 
20876 codespace ./cli kernel images/1024x10        0     8852     8898    10104 
20872 codespace ./cli kernel images/1024x10        0     9208     9255    10472 
20870 codespace ./cli kernel images/1024x10        0     9480     9527    10704 
20878 codespace ./cli kernel images/1024x10        0     9596     9645    10888 
20874 codespace ./cli kernel images/1024x10        0    10292    10338    11544 
20967 codespace /usr/bin/python3 /usr/bin/s        0    12048    12256    14464 
%CPU %MEM ARGS Fri Oct  2 22:30:24 UTC 2026
 0.0  0.0 grep --color=auto ./cli       1  2192
27.7  0.1 ./cli kernel images/1024x10   1 10740
28.4  0.1 ./cli kernel images/1024x10   0 11028
29.2  0.1 ./cli kernel images/1024x10   0 11260
30.0  0.1 ./cli kernel images/1024x10   0 11444
32.2  0.1 ./cli kernel images/1024x10   1 12324
  PID User     Command                         Swap      USS      PSS      RSS 
20876 codespace ./cli kernel images/1024x10        0    10012    10064    11264 
20872 codespace ./cli kernel images/1024x10        0    10300    10353    11564 
20870 codespace ./cli kernel images/1024x10        0    10572    10625    11796 
20878 codespace ./cli kernel images/1024x10        0    10692    10748    11984 
20874 codespace ./cli kernel images/1024x10        0    11572    11624    12824 
20993 codespace /usr/bin/python3 /usr/bin/s        0    12120    12386    14580 
%CPU %MEM ARGS Fri Oct  2 22:30:24 UTC 2026
 0.0  0.0 grep --color=auto ./cli       0  2248
27.2  0.1 ./cli kernel images/1024x10   1 11756
28.5  0.1 ./cli kernel images/1024x10   1 12236
28.6  0.1 ./cli kernel images/1024x10   0 12292
29.2  0.1 ./cli kernel images/1024x10   0 12416
31.2  0.1 ./cli kernel images/1024x10   1 13340
  PID User     Command                         Swap      USS      PSS      RSS 
20876 codespace ./cli kernel images/1024x10        0    10928    10980    12180 
20870 codespace ./cli kernel images/1024x10        0    11416    11469    12640 
20872 codespace ./cli kernel images/1024x10        0    11424    11477    12688 
20878 codespace ./cli kernel images/1024x10        0    11520    11576    12812 
20998 codespace /usr/bin/python3 /usr/bin/s        0    12092    12351    14580 
20874 codespace ./cli kernel images/1024x10        0    13268    13320    14520 
%CPU %MEM ARGS Fri Oct  2 22:30:25 UTC 2026
 0.0  0.0 grep --color=auto ./cli       1  2156
27.6  0.1 ./cli kernel images/1024x10   1 12784
28.7  0.1 ./cli kernel images/1024x10   1 13308
29.0  0.1 ./cli kernel images/1024x10   0 13464
29.3  0.1 ./cli kernel images/1024x10   1 13416
32.0  0.2 ./cli kernel images/1024x10   0 19600
  PID User     Command                         Swap      USS      PSS      RSS 
20876 codespace ./cli kernel images/1024x10        0    12116    12168    13368 
21004 codespace /usr/bin/python3 /usr/bin/s        0    12068    12313    14516 
20872 codespace ./cli kernel images/1024x10        0    12956    13009    14220 
20870 codespace ./cli kernel images/1024x10        0    13964    14020    15252 
20878 codespace ./cli kernel images/1024x10        0    14168    14227    15524 
20874 codespace ./cli kernel images/1024x10        0    20952    21004    22204 
%CPU %MEM ARGS Fri Oct  2 22:30:25 UTC 2026
 0.0  0.0 grep --color=auto ./cli       0  2152
28.2  0.2 ./cli kernel images/1024x10   1 16308
28.8  0.2 ./cli kernel images/1024x10   0 17580
29.2  0.2 ./cli kernel images/1024x10   0 18748
29.8  0.2 ./cli kernel images/1024x10   1 19472
31.8  0.3 ./cli kernel images/1024x10   0 25492
  PID User     Command                         Swap      USS      PSS      RSS 
21015 codespace /usr/bin/python3 /usr/bin/s        0    12064    12325    14508 
20876 codespace ./cli kernel images/1024x10        0    17616    17668    18868 
20872 codespace ./cli kernel images/1024x10        0    18760    18812    20024 
20870 codespace ./cli kernel images/1024x10        0    19984    20040    21272 
20878 codespace ./cli kernel images/1024x10        0    20760    20819    22116 
20874 codespace ./cli kernel images/1024x10        0    24680    24732    25932 
%CPU %MEM ARGS Fri Oct  2 22:30:26 UTC 2026
 0.0  0.0 grep --color=auto ./cli       1  2180
28.3  0.2 ./cli kernel images/1024x10   0 22548
28.7  0.2 ./cli kernel images/1024x10   1 23732
29.1  0.3 ./cli kernel images/1024x10   1 24708
29.8  0.3 ./cli kernel images/1024x10   1 25744
31.6  0.3 ./cli kernel images/1024x10   0 25932
  PID User     Command                         Swap      USS      PSS      RSS 
21021 codespace /usr/bin/python3 /usr/bin/s        0    12048    12301    14512 
20876 codespace ./cli kernel images/1024x10        0    23712    23764    24964 
20874 codespace ./cli kernel images/1024x10        0    24680    24732    25932 
20870 codespace ./cli kernel images/1024x10        0    24680    24736    25968 
20872 codespace ./cli kernel images/1024x10        0    24684    24737    25948 
20878 codespace ./cli kernel images/1024x10        0    24684    24743    26040 
%CPU %MEM ARGS Fri Oct  2 22:30:26 UTC 2026
 0.0  0.0 grep --color=auto ./cli       1  2296
27.5  0.3 ./cli kernel images/1024x10   1 25932
27.9  0.3 ./cli kernel images/1024x10   1 25948
28.3  0.3 ./cli kernel images/1024x10   1 25968
29.1  0.3 ./cli kernel images/1024x10   0 26040
30.8  0.3 ./cli kernel images/1024x10   0 25932
  PID User     Command                         Swap      USS      PSS      RSS 
21026 codespace /usr/bin/python3 /usr/bin/s        0    12056    12307    14472 
20874 codespace ./cli kernel images/1024x10        0    24680    24732    25932 
20876 codespace ./cli kernel images/1024x10        0    24680    24732    25932 
20870 codespace ./cli kernel images/1024x10        0    24680    24736    25968 
20872 codespace ./cli kernel images/1024x10        0    24684    24736    25948 
20878 codespace ./cli kernel images/1024x10        0    24684    24743    26040 
%CPU %MEM ARGS Fri Oct  2 22:30:27 UTC 2026
 0.0  0.0 grep --color=auto ./cli       1  2200
26.7  0.3 ./cli kernel images/1024x10   1 25932
27.0  0.3 ./cli kernel images/1024x10   1 25948
27.2  0.3 ./cli kernel images/1024x10   1 25968
28.0  0.3 ./cli kernel images/1024x10   1 26040
30.3  0.3 ./cli kernel images/1024x10   0 25932
  PID User     Command                         Swap      USS      PSS      RSS 
21032 codespace /usr/bin/python3 /usr/bin/s        0    12044    12265    14564 
20874 codespace ./cli kernel images/1024x10        0    24680    24726    25932 
20876 codespace ./cli kernel images/1024x10        0    24680    24726    25932 
20870 codespace ./cli kernel images/1024x10        0    24680    24734    25968 
20872 codespace ./cli kernel images/1024x10        0    24684    24734    25948 
20878 codespace ./cli kernel images/1024x10        0    24684    24738    26040 
%CPU %MEM ARGS Fri Oct  2 22:30:28 UTC 2026
 0.0  0.0 grep --color=auto ./cli       1  2156
25.4  0.3 ./cli kernel images/1024x10   0 25932
25.8  0.3 ./cli kernel images/1024x10   0 25948
26.0  0.3 ./cli kernel images/1024x10   1 25968
27.2  0.3 ./cli kernel images/1024x10   0 26040
29.6  0.3 ./cli kernel images/1024x10   0 25932
  PID User     Command                         Swap      USS      PSS      RSS 
21056 codespace /usr/bin/python3 /usr/bin/s        0    12056    12315    14508 
20874 codespace ./cli kernel images/1024x10        0    24680    24732    25932 
20876 codespace ./cli kernel images/1024x10        0    24680    24732    25932 
20870 codespace ./cli kernel images/1024x10        0    24680    24735    25968 
20872 codespace ./cli kernel images/1024x10        0    24684    24737    25948 
20878 codespace ./cli kernel images/1024x10        0    24684    24743    26040 
%CPU %MEM ARGS Fri Oct  2 22:30:29 UTC 2026
 0.0  0.0 grep --color=auto ./cli       0  2156
24.9  0.3 ./cli kernel images/1024x10   0 25932
25.3  0.3 ./cli kernel images/1024x10   0 25968
25.4  0.3 ./cli kernel images/1024x10   0 25948
26.5  0.3 ./cli kernel images/1024x10   0 26040
28.8  0.3 ./cli kernel images/1024x10   0 25932
  PID User     Command                         Swap      USS      PSS      RSS 
21067 codespace /usr/bin/python3 /usr/bin/s        0    12060    12319    14512 
20874 codespace ./cli kernel images/1024x10        0    24680    24732    25932 
20876 codespace ./cli kernel images/1024x10        0    24680    24732    25932 
20870 codespace ./cli kernel images/1024x10        0    24680    24735    25968 
20872 codespace ./cli kernel images/1024x10        0    24684    24737    25948 
20878 codespace ./cli kernel images/1024x10        0    24684    24743    26040 
%CPU %MEM ARGS Fri Oct  2 22:30:30 UTC 2026
 0.0  0.0 grep --color=auto ./cli       0  2248
24.3  0.3 ./cli kernel images/1024x10   1 25932
24.4  0.3 ./cli kernel images/1024x10   1 25948
24.5  0.3 ./cli kernel images/1024x10   1 25968
25.7  0.3 ./cli kernel images/1024x10   0 26040
27.5  0.3 ./cli kernel images/1024x10   1 25932
  PID User     Command                         Swap      USS      PSS      RSS 
21079 codespace /usr/bin/python3 /usr/bin/s        0    12056    12295    14496 
20874 codespace ./cli kernel images/1024x10        0    24680    24726    25932 
20876 codespace ./cli kernel images/1024x10        0    24680    24726    25932 
20870 codespace ./cli kernel images/1024x10        0    24680    24730    25968 
20872 codespace ./cli kernel images/1024x10        0    24684    24731    25948 
20878 codespace ./cli kernel images/1024x10        0    24684    24736    26040 
%CPU %MEM ARGS Fri Oct  2 22:30:30 UTC 2026
 0.0  0.0 grep --color=auto ./cli       1  2148
23.6  0.3 ./cli kernel images/1024x10   1 25932
23.9  0.3 ./cli kernel images/1024x10   1 25968
24.3  0.3 ./cli kernel images/1024x10   1 25948
25.7  0.3 ./cli kernel images/1024x10   0 26040
26.7  0.3 ./cli kernel images/1024x10   1 25932
  PID User     Command                         Swap      USS      PSS      RSS 
21091 codespace /usr/bin/python3 /usr/bin/s        0    12056    12299    14472 
20874 codespace ./cli kernel images/1024x10        0    24680    24732    25932 
20876 codespace ./cli kernel images/1024x10        0    24680    24732    25932 
20870 codespace ./cli kernel images/1024x10        0    24680    24736    25968 
20872 codespace ./cli kernel images/1024x10        0    24684    24736    25948 
20878 codespace ./cli kernel images/1024x10        0    24684    24743    26040 
%CPU %MEM ARGS Fri Oct  2 22:30:31 UTC 2026
 0.0  0.0 grep --color=auto ./cli       0  2180
23.2  0.3 ./cli kernel images/1024x10   1 25932
23.4  0.3 ./cli kernel images/1024x10   1 25968
23.8  0.3 ./cli kernel images/1024x10   1 25948
26.0  0.3 ./cli kernel images/1024x10   0 25932
26.0  0.3 ./cli kernel images/1024x10   0 26040
  PID User     Command                         Swap      USS      PSS      RSS 
21097 codespace /usr/bin/python3 /usr/bin/s        0    12096    12350    14564 
20874 codespace ./cli kernel images/1024x10        0    24680    24732    25932 
20876 codespace ./cli kernel images/1024x10        0    24680    24732    25932 
20870 codespace ./cli kernel images/1024x10        0    24680    24736    25968 
20872 codespace ./cli kernel images/1024x10        0    24684    24737    25948 
20878 codespace ./cli kernel images/1024x10        0    24684    24743    26040 
%CPU %MEM ARGS Fri Oct  2 22:30:32 UTC 2026
 0.0  0.0 grep --color=auto ./cli       0  2248
22.9  0.3 ./cli kernel images/1024x10   1 25932
23.0  0.3 ./cli kernel images/1024x10   0 25968
23.5  0.3 ./cli kernel images/1024x10   0 25948
25.8  0.3 ./cli kernel images/1024x10   1 25932
26.2  0.3 ./cli kernel images/1024x10   1 26040
  PID User     Command                         Swap      USS      PSS      RSS 
21103 codespace /usr/bin/python3 /usr/bin/s        0    12060    12262    14532 
20874 codespace ./cli kernel images/1024x10        0    24680    24726    25932 
20876 codespace ./cli kernel images/1024x10        0    24680    24726    25932 
20870 codespace ./cli kernel images/1024x10        0    24680    24730    25968 
20872 codespace ./cli kernel images/1024x10        0    24684    24731    25948 
20878 codespace ./cli kernel images/1024x10        0    24684    24737    26040 
%CPU %MEM ARGS Fri Oct  2 22:30:33 UTC 2026
 0.0  0.0 grep --color=auto ./cli       1  2156
22.5  0.3 ./cli kernel images/1024x10   1 25932
22.6  0.3 ./cli kernel images/1024x10   1 25968
23.9  0.3 ./cli kernel images/1024x10   0 25948
25.2  0.3 ./cli kernel images/1024x10   1 25932
25.6  0.3 ./cli kernel images/1024x10   1 26040
  PID User     Command                         Swap      USS      PSS      RSS 
21115 codespace /usr/bin/python3 /usr/bin/s        0    12060    12322    14512 
20874 codespace ./cli kernel images/1024x10        0    24680    24732    25932 
20876 codespace ./cli kernel images/1024x10        0    24680    24732    25932 
20870 codespace ./cli kernel images/1024x10        0    24680    24736    25968 
20872 codespace ./cli kernel images/1024x10        0    24684    24737    25948 
20878 codespace ./cli kernel images/1024x10        0    24684    24743    26040 
%CPU %MEM ARGS Fri Oct  2 22:30:34 UTC 2026
 0.0  0.0 grep --color=auto ./cli       1  2184
22.3  0.3 ./cli kernel images/1024x10   1 25932
22.4  0.3 ./cli kernel images/1024x10   1 25968
23.8  0.3 ./cli kernel images/1024x10   1 25948
24.7  0.3 ./cli kernel images/1024x10   1 25932
25.2  0.3 ./cli kernel images/1024x10   1 26040
  PID User     Command                         Swap      USS      PSS      RSS 
21120 codespace /usr/bin/python3 /usr/bin/s        0    12064    12325    14508 
20874 codespace ./cli kernel images/1024x10        0    24680    24732    25932 
20876 codespace ./cli kernel images/1024x10        0    24680    24732    25932 
20870 codespace ./cli kernel images/1024x10        0    24680    24736    25968 
20872 codespace ./cli kernel images/1024x10        0    24684    24736    25948 
20878 codespace ./cli kernel images/1024x10        0    24684    24743    26040 
%CPU %MEM ARGS Fri Oct  2 22:30:34 UTC 2026
 0.0  0.0 grep --color=auto ./cli       0  2344
22.1  0.3 ./cli kernel images/1024x10   1 25968
22.3  0.3 ./cli kernel images/1024x10   0 25932
23.5  0.3 ./cli kernel images/1024x10   1 25948
24.4  0.3 ./cli kernel images/1024x10   1 25932
24.9  0.3 ./cli kernel images/1024x10   1 26040
  PID User     Command                         Swap      USS      PSS      RSS 
21126 codespace /usr/bin/python3 /usr/bin/s        0    12056    12273    14540 
20876 codespace ./cli kernel images/1024x10        0    24680    24726    25932 
20874 codespace ./cli kernel images/1024x10        0    24680    24728    25932 
20872 codespace ./cli kernel images/1024x10        0    24684    24734    25948 
20870 codespace ./cli kernel images/1024x10        0    24680    24735    25968 
20878 codespace ./cli kernel images/1024x10        0    24684    24736    26040 
%CPU %MEM ARGS Fri Oct  2 22:30:35 UTC 2026
 0.0  0.0 grep --color=auto ./cli       0  2200
21.8  0.3 ./cli kernel images/1024x10   0 25968
22.2  0.3 ./cli kernel images/1024x10   0 25932
23.1  0.3 ./cli kernel images/1024x10   0 25948
24.1  0.3 ./cli kernel images/1024x10   1 25932
24.5  0.3 ./cli kernel images/1024x10   0 26040
  PID User     Command                         Swap      USS      PSS      RSS 
21139 codespace /usr/bin/python3 /usr/bin/s        0    12056    12301    14472 
20874 codespace ./cli kernel images/1024x10        0    24680    24732    25932 
20876 codespace ./cli kernel images/1024x10        0    24680    24732    25932 
20870 codespace ./cli kernel images/1024x10        0    24680    24736    25968 
20872 codespace ./cli kernel images/1024x10        0    24684    24736    25948 
20878 codespace ./cli kernel images/1024x10        0    24684    24743    26040 
%CPU %MEM ARGS Fri Oct  2 22:30:36 UTC 2026
 0.0  0.0 grep --color=auto ./cli       0  2172
21.6  0.3 ./cli kernel images/1024x10   0 25968
22.0  0.3 ./cli kernel images/1024x10   0 25932
22.8  0.3 ./cli kernel images/1024x10   1 25948
24.1  0.3 ./cli kernel images/1024x10   0 26040
24.3  0.3 ./cli kernel images/1024x10   1 25932
  PID User     Command                         Swap      USS      PSS      RSS 
21150 codespace /usr/bin/python3 /usr/bin/s        0    12080    12343    14564 
20874 codespace ./cli kernel images/1024x10        0    24680    24732    25932 
20876 codespace ./cli kernel images/1024x10        0    24680    24732    25932 
20870 codespace ./cli kernel images/1024x10        0    24680    24736    25968 
20872 codespace ./cli kernel images/1024x10        0    24684    24737    25948 
20878 codespace ./cli kernel images/1024x10        0    24684    24743    26040 
%CPU %MEM ARGS Fri Oct  2 22:30:37 UTC 2026
 0.0  0.0 grep --color=auto ./cli       0  2252
21.4  0.3 ./cli kernel images/1024x10   0 25968
21.8  0.3 ./cli kernel images/1024x10   0 25932
23.3  0.3 ./cli kernel images/1024x10   1 25948
23.8  0.3 ./cli kernel images/1024x10   0 26040
24.0  0.3 ./cli kernel images/1024x10   0 25932
  PID User     Command                         Swap      USS      PSS      RSS 
21155 codespace /usr/bin/python3 /usr/bin/s        0    12060    12289    14500 
20874 codespace ./cli kernel images/1024x10        0    24680    24732    25932 
20876 codespace ./cli kernel images/1024x10        0    24680    24732    25932 
20870 codespace ./cli kernel images/1024x10        0    24680    24736    25968 
20872 codespace ./cli kernel images/1024x10        0    24684    24736    25948 
20878 codespace ./cli kernel images/1024x10        0    24684    24743    26040 
%CPU %MEM ARGS Fri Oct  2 22:30:38 UTC 2026
 0.0  0.0 grep --color=auto ./cli       0  2204
21.1  0.3 ./cli kernel images/1024x10   0 25968
21.6  0.3 ./cli kernel images/1024x10   1 25932
23.4  0.3 ./cli kernel images/1024x10   0 26040
23.6  0.3 ./cli kernel images/1024x10   0 25948
23.6  0.3 ./cli kernel images/1024x10   0 25932
  PID User     Command                         Swap      USS      PSS      RSS 
21167 codespace /usr/bin/python3 /usr/bin/s        0    12056    12294    14504 
20874 codespace ./cli kernel images/1024x10        0    24680    24732    25932 
20876 codespace ./cli kernel images/1024x10        0    24680    24732    25932 
20870 codespace ./cli kernel images/1024x10        0    24680    24736    25968 
20872 codespace ./cli kernel images/1024x10        0    24684    24737    25948 
20878 codespace ./cli kernel images/1024x10        0    24684    24743    26040 
%CPU %MEM ARGS Fri Oct  2 22:30:38 UTC 2026
 0.0  0.0 grep --color=auto ./cli       0  2212
21.0  0.3 ./cli kernel images/1024x10   0 25968
21.8  0.3 ./cli kernel images/1024x10   0 25932
23.3  0.3 ./cli kernel images/1024x10   1 25948
23.3  0.3 ./cli kernel images/1024x10   0 25932
23.3  0.3 ./cli kernel images/1024x10   0 26040
  PID User     Command                         Swap      USS      PSS      RSS 
21179 codespace /usr/bin/python3 /usr/bin/s        0    12048    12289    14460 
20874 codespace ./cli kernel images/1024x10        0    24680    24732    25932 
20876 codespace ./cli kernel images/1024x10        0    24680    24732    25932 
20870 codespace ./cli kernel images/1024x10        0    24680    24736    25968 
20872 codespace ./cli kernel images/1024x10        0    24684    24736    25948 
20878 codespace ./cli kernel images/1024x10        0    24684    24743    26040 
%CPU %MEM ARGS Fri Oct  2 22:30:39 UTC 2026
 0.0  0.0 grep --color=auto ./cli       0  2176
21.0  0.3 ./cli kernel images/1024x10   1 25968
21.6  0.3 ./cli kernel images/1024x10   0 25932
23.0  0.3 ./cli kernel images/1024x10   0 25932
23.1  0.3 ./cli kernel images/1024x10   0 25948
23.1  0.3 ./cli kernel images/1024x10   0 26040
  PID User     Command                         Swap      USS      PSS      RSS 
21196 codespace /usr/bin/python3 /usr/bin/s        0    12056    12268    14576 
20874 codespace ./cli kernel images/1024x10        0    24680    24726    25932 
20876 codespace ./cli kernel images/1024x10        0    24680    24726    25932 
20870 codespace ./cli kernel images/1024x10        0    24680    24729    25968 
20872 codespace ./cli kernel images/1024x10        0    24684    24731    25948 
20878 codespace ./cli kernel images/1024x10        0    24684    24738    26040 
%CPU %MEM ARGS Fri Oct  2 22:30:40 UTC 2026
 0.0  0.0 grep --color=auto ./cli       0  2160
20.9  0.3 ./cli kernel images/1024x10   0 25968
21.2  0.3 ./cli kernel images/1024x10   0 25932
22.7  0.3 ./cli kernel images/1024x10   0 25932
22.7  0.3 ./cli kernel images/1024x10   0 26040
22.8  0.3 ./cli kernel images/1024x10   1 25948
  PID User     Command                         Swap      USS      PSS      RSS 
21208 codespace /usr/bin/python3 /usr/bin/s        0    12056    12302    14472 
20874 codespace ./cli kernel images/1024x10        0    24680    24732    25932 
20876 codespace ./cli kernel images/1024x10        0    24680    24732    25932 
20870 codespace ./cli kernel images/1024x10        0    24680    24736    25968 
20872 codespace ./cli kernel images/1024x10        0    24684    24736    25948 
20878 codespace ./cli kernel images/1024x10        0    24684    24743    26040 
%CPU %MEM ARGS Fri Oct  2 22:30:41 UTC 2026
 0.0  0.0 grep --color=auto ./cli       0  2248
20.7  0.3 ./cli kernel images/1024x10   0 25968
21.1  0.3 ./cli kernel images/1024x10   0 25932
22.4  0.3 ./cli kernel images/1024x10   0 25932
22.5  0.3 ./cli kernel images/1024x10   0 26040
23.2  0.3 ./cli kernel images/1024x10   1 25948
  PID User     Command                         Swap      USS      PSS      RSS 
21219 codespace /usr/bin/python3 /usr/bin/s        0    12072    12315    14540 
20874 codespace ./cli kernel images/1024x10        0    24680    24732    25932 
20876 codespace ./cli kernel images/1024x10        0    24680    24732    25932 
20870 codespace ./cli kernel images/1024x10        0    24680    24736    25968 
20872 codespace ./cli kernel images/1024x10        0    24684    24736    25948 
20878 codespace ./cli kernel images/1024x10        0    24684    24743    26040 
%CPU %MEM ARGS Fri Oct  2 22:30:42 UTC 2026
 0.0  0.0 grep --color=auto ./cli       1  2308
20.6  0.3 ./cli kernel images/1024x10   1 25968
21.1  0.3 ./cli kernel images/1024x10   0 25932
22.3  0.3 ./cli kernel images/1024x10   1 25932
22.3  0.3 ./cli kernel images/1024x10   1 26040
23.3  0.3 ./cli kernel images/1024x10   1 25948
  PID User     Command                         Swap      USS      PSS      RSS 
21224 codespace /usr/bin/python3 /usr/bin/s        0    12056    12262    14532 
20874 codespace ./cli kernel images/1024x10        0    24680    24726    25932 
20876 codespace ./cli kernel images/1024x10        0    24680    24726    25932 
20870 codespace ./cli kernel images/1024x10        0    24680    24730    25968 
20872 codespace ./cli kernel images/1024x10        0    24684    24731    25948 
20878 codespace ./cli kernel images/1024x10        0    24684    24736    26040 
%CPU %MEM ARGS Fri Oct  2 22:30:42 UTC 2026
 0.0  0.0 grep --color=auto ./cli       0  2200
20.5  0.3 ./cli kernel images/1024x10   0 25968
21.1  0.3 ./cli kernel images/1024x10   0 25932
22.1  0.3 ./cli kernel images/1024x10   0 25932
22.2  0.3 ./cli kernel images/1024x10   0 26040
23.2  0.3 ./cli kernel images/1024x10   0 25948
  PID User     Command                         Swap      USS      PSS      RSS 
21236 codespace /usr/bin/python3 /usr/bin/s        0    12052    12303    14452 
20874 codespace ./cli kernel images/1024x10        0    24680    24732    25932 
20876 codespace ./cli kernel images/1024x10        0    24680    24732    25932 
20870 codespace ./cli kernel images/1024x10        0    24680    24736    25968 
20872 codespace ./cli kernel images/1024x10        0    24684    24736    25948 
20878 codespace ./cli kernel images/1024x10        0    24684    24743    26040 
%CPU %MEM ARGS Fri Oct  2 22:30:43 UTC 2026
 0.0  0.0 grep --color=auto ./cli       0  2300
20.4  0.3 ./cli kernel images/1024x10   1 25968
21.0  0.3 ./cli kernel images/1024x10   0 25932
22.0  0.3 ./cli kernel images/1024x10   0 25932
22.2  0.3 ./cli kernel images/1024x10   0 26040
23.0  0.3 ./cli kernel images/1024x10   1 25948
  PID User     Command                         Swap      USS      PSS      RSS 
21242 codespace /usr/bin/python3 /usr/bin/s        0    12032    12272    14480 
20874 codespace ./cli kernel images/1024x10        0    24680    24732    25932 
20876 codespace ./cli kernel images/1024x10        0    24680    24732    25932 
20870 codespace ./cli kernel images/1024x10        0    24680    24736    25968 
20872 codespace ./cli kernel images/1024x10        0    24684    24736    25948 
20878 codespace ./cli kernel images/1024x10        0    24684    24743    26040 
%CPU %MEM ARGS Fri Oct  2 22:30:44 UTC 2026
 0.0  0.0 grep --color=auto ./cli       1  2248
20.4  0.3 ./cli kernel images/1024x10   0 25968
20.9  0.3 ./cli kernel images/1024x10   0 25932
21.9  0.3 ./cli kernel images/1024x10   0 25932
22.0  0.3 ./cli kernel images/1024x10   0 26040
23.4  0.3 ./cli kernel images/1024x10   1 25948
  PID User     Command                         Swap      USS      PSS      RSS 
21247 codespace /usr/bin/python3 /usr/bin/s        0    12056    12304    14472 
20874 codespace ./cli kernel images/1024x10        0    24680    24732    25932 
20876 codespace ./cli kernel images/1024x10        0    24680    24732    25932 
20870 codespace ./cli kernel images/1024x10        0    24680    24736    25968 
20872 codespace ./cli kernel images/1024x10        0    24684    24736    25948 
20878 codespace ./cli kernel images/1024x10        0    24684    24743    26040 
%CPU %MEM ARGS Fri Oct  2 22:30:44 UTC 2026
 0.0  0.0 grep --color=auto ./cli       0  2300
20.2  0.3 ./cli kernel images/1024x10   0 25968
20.8  0.3 ./cli kernel images/1024x10   0 25932
21.8  0.3 ./cli kernel images/1024x10   0 25932
22.0  0.3 ./cli kernel images/1024x10   1 26040
23.4  0.3 ./cli kernel images/1024x10   0 25948
  PID User     Command                         Swap      USS      PSS      RSS 
21259 codespace /usr/bin/python3 /usr/bin/s        0    12136    12395    14580 
20874 codespace ./cli kernel images/1024x10        0    24680    24732    25932 
20876 codespace ./cli kernel images/1024x10        0    24680    24732    25932 
20870 codespace ./cli kernel images/1024x10        0    24680    24736    25968 
20872 codespace ./cli kernel images/1024x10        0    24684    24736    25948 
20878 codespace ./cli kernel images/1024x10        0    24684    24745    26040 
%CPU %MEM ARGS Fri Oct  2 22:30:45 UTC 2026
 0.0  0.0 grep --color=auto ./cli       0  2152
20.1  0.3 ./cli kernel images/1024x10   0 25968
20.8  0.3 ./cli kernel images/1024x10   0 25932
21.6  0.3 ./cli kernel images/1024x10   0 25932
22.0  0.3 ./cli kernel images/1024x10   1 26040
23.2  0.3 ./cli kernel images/1024x10   0 25948
  PID User     Command                         Swap      USS      PSS      RSS 
21265 codespace /usr/bin/python3 /usr/bin/s        0    12112    12366    14620 
20874 codespace ./cli kernel images/1024x10        0    24680    24732    25932 
20876 codespace ./cli kernel images/1024x10        0    24680    24732    25932 
20870 codespace ./cli kernel images/1024x10        0    24680    24736    25968 
20872 codespace ./cli kernel images/1024x10        0    24684    24737    25948 
20878 codespace ./cli kernel images/1024x10        0    24684    24743    26040 
%CPU %MEM ARGS Fri Oct  2 22:30:46 UTC 2026
 0.0  0.0 grep --color=auto ./cli       1  2164
20.0  0.3 ./cli kernel images/1024x10   0 25968
20.7  0.3 ./cli kernel images/1024x10   0 25932
21.5  0.3 ./cli kernel images/1024x10   0 25932
22.3  0.3 ./cli kernel images/1024x10   0 26040
23.0  0.3 ./cli kernel images/1024x10   0 25948
  PID User     Command                         Swap      USS      PSS      RSS 
21271 codespace /usr/bin/python3 /usr/bin/s        0    12052    12318    14580 
20874 codespace ./cli kernel images/1024x10        0    24680    24732    25932 
20876 codespace ./cli kernel images/1024x10        0    24680    24732    25932 
20870 codespace ./cli kernel images/1024x10        0    24680    24736    25968 
20872 codespace ./cli kernel images/1024x10        0    24684    24736    25948 
20878 codespace ./cli kernel images/1024x10        0    24684    24743    26040 
%CPU %MEM ARGS Fri Oct  2 22:30:47 UTC 2026
 0.0  0.0 grep --color=auto ./cli       1  2288
19.9  0.3 ./cli kernel images/1024x10   1 25968
20.6  0.3 ./cli kernel images/1024x10   1 25932
21.4  0.3 ./cli kernel images/1024x10   1 25932
22.2  0.3 ./cli kernel images/1024x10   1 26040
22.9  0.3 ./cli kernel images/1024x10   1 25948
  PID User     Command                         Swap      USS      PSS      RSS 
21285 codespace /usr/bin/python3 /usr/bin/s        0    12056    12278    14472 
20876 codespace ./cli kernel images/1024x10        0    24680    24728    25932 
20874 codespace ./cli kernel images/1024x10        0    24680    24729    25932 
20870 codespace ./cli kernel images/1024x10        0    24680    24735    25968 
20872 codespace ./cli kernel images/1024x10        0    24684    24736    25948 
20878 codespace ./cli kernel images/1024x10        0    24684    24738    26040 
%CPU %MEM ARGS Fri Oct  2 22:30:47 UTC 2026
 0.0  0.0 grep --color=auto ./cli       1  2292
19.9  0.3 ./cli kernel images/1024x10   0 25968
20.5  0.3 ./cli kernel images/1024x10   0 25932
21.3  0.3 ./cli kernel images/1024x10   0 25932
22.1  0.3 ./cli kernel images/1024x10   0 26040
22.9  0.3 ./cli kernel images/1024x10   1 25948
  PID User     Command                         Swap      USS      PSS      RSS 
21294 codespace /usr/bin/python3 /usr/bin/s        0    12032    12300    14536 
20874 codespace ./cli kernel images/1024x10        0    24680    24732    25932 
20876 codespace ./cli kernel images/1024x10        0    24680    24732    25932 
20870 codespace ./cli kernel images/1024x10        0    24680    24736    25968 
20872 codespace ./cli kernel images/1024x10        0    24684    24737    25948 
20878 codespace ./cli kernel images/1024x10        0    24684    24743    26040 
%CPU %MEM ARGS Fri Oct  2 22:30:48 UTC 2026
 0.0  0.0 grep --color=auto ./cli       0  2296
19.8  0.3 ./cli kernel images/1024x10   0 25968
20.5  0.3 ./cli kernel images/1024x10   0 25932
21.3  0.3 ./cli kernel images/1024x10   0 25932
22.0  0.3 ./cli kernel images/1024x10   0 26040
23.0  0.3 ./cli kernel images/1024x10   1 25948
  PID User     Command                         Swap      USS      PSS      RSS 
21299 codespace /usr/bin/python3 /usr/bin/s        0    12108    12357    14580 
20874 codespace ./cli kernel images/1024x10        0    24680    24732    25932 
20876 codespace ./cli kernel images/1024x10        0    24680    24732    25932 
20870 codespace ./cli kernel images/1024x10        0    24680    24736    25968 
20872 codespace ./cli kernel images/1024x10        0    24684    24736    25948 
20878 codespace ./cli kernel images/1024x10        0    24684    24743    26040 
%CPU %MEM ARGS Fri Oct  2 22:30:49 UTC 2026
 0.0  0.0 grep --color=auto ./cli       1  2248
19.7  0.3 ./cli kernel images/1024x10   1 25968
20.3  0.3 ./cli kernel images/1024x10   0 25932
21.1  0.3 ./cli kernel images/1024x10   0 25932
21.9  0.3 ./cli kernel images/1024x10   1 26040
22.9  0.3 ./cli kernel images/1024x10   0 25948
  PID User     Command                         Swap      USS      PSS      RSS 
21305 codespace /usr/bin/python3 /usr/bin/s        0    12052    12311    14496 
20874 codespace ./cli kernel images/1024x10        0    24680    24732    25932 
20876 codespace ./cli kernel images/1024x10        0    24680    24732    25932 
20870 codespace ./cli kernel images/1024x10        0    24680    24736    25968 
20872 codespace ./cli kernel images/1024x10        0    24684    24737    25948 
20878 codespace ./cli kernel images/1024x10        0    24684    24743    26040 
%CPU %MEM ARGS Fri Oct  2 22:30:50 UTC 2026
 0.0  0.0 grep --color=auto ./cli       0  2164
19.5  0.3 ./cli kernel images/1024x10   0 25968
20.5  0.3 ./cli kernel images/1024x10   1 25932
21.0  0.3 ./cli kernel images/1024x10   0 25932
21.7  0.3 ./cli kernel images/1024x10   0 26040
22.7  0.3 ./cli kernel images/1024x10   0 25948
  PID User     Command                         Swap      USS      PSS      RSS 
21334 codespace /usr/bin/python3 /usr/bin/s        0    12064    12328    14508 
20874 codespace ./cli kernel images/1024x10        0    24680    24732    25932 
20876 codespace ./cli kernel images/1024x10        0    24680    24732    25932 
20870 codespace ./cli kernel images/1024x10        0    24680    24736    25968 
20872 codespace ./cli kernel images/1024x10        0    24684    24736    25948 
20878 codespace ./cli kernel images/1024x10        0    24684    24743    26040 
%CPU %MEM ARGS Fri Oct  2 22:30:50 UTC 2026
 0.0  0.0 grep --color=auto ./cli       1  2188
19.4  0.3 ./cli kernel images/1024x10   0 25968
20.4  0.3 ./cli kernel images/1024x10   0 25932
20.8  0.3 ./cli kernel images/1024x10   1 25932
21.5  0.3 ./cli kernel images/1024x10   1 26040
22.5  0.3 ./cli kernel images/1024x10   0 25948
  PID User     Command                         Swap      USS      PSS      RSS 
21340 codespace /usr/bin/python3 /usr/bin/s        0    12068    12332    14512 
20874 codespace ./cli kernel images/1024x10        0    24680    24732    25932 
20876 codespace ./cli kernel images/1024x10        0    24680    24732    25932 
20870 codespace ./cli kernel images/1024x10        0    24680    24736    25968 
20872 codespace ./cli kernel images/1024x10        0    24684    24736    25948 
20878 codespace ./cli kernel images/1024x10        0    24684    24743    26040 
%CPU %MEM ARGS Fri Oct  2 22:30:51 UTC 2026
 0.0  0.0 grep --color=auto ./cli       0  2172
19.4  0.3 ./cli kernel images/1024x10   0 25968
20.3  0.3 ./cli kernel images/1024x10   1 25932
20.7  0.3 ./cli kernel images/1024x10   1 25932
21.4  0.3 ./cli kernel images/1024x10   0 26040
22.4  0.3 ./cli kernel images/1024x10   1 25948
  PID User     Command                         Swap      USS      PSS      RSS 
21346 codespace /usr/bin/python3 /usr/bin/s        0    12104    12353    14576 
20874 codespace ./cli kernel images/1024x10        0    24680    24726    25932 
20876 codespace ./cli kernel images/1024x10        0    24680    24727    25932 
20872 codespace ./cli kernel images/1024x10        0    24684    24731    25948 
20870 codespace ./cli kernel images/1024x10        0    24680    24733    25968 
20878 codespace ./cli kernel images/1024x10        0    24684    24743    26040 
%CPU %MEM ARGS Fri Oct  2 22:30:52 UTC 2026
 0.0  0.0 grep --color=auto ./cli       0  2176
19.3  0.3 ./cli kernel images/1024x10   0 25968
20.2  0.3 ./cli kernel images/1024x10   0 25932
20.6  0.3 ./cli kernel images/1024x10   1 25932
21.6  0.3 ./cli kernel images/1024x10   0 26040
22.2  0.3 ./cli kernel images/1024x10   0 25948
  PID User     Command                         Swap      USS      PSS      RSS 
21364 codespace /usr/bin/python3 /usr/bin/s        0    12088    12333    14516 
20874 codespace ./cli kernel images/1024x10        0    24680    24732    25932 
20876 codespace ./cli kernel images/1024x10        0    24680    24732    25932 
20870 codespace ./cli kernel images/1024x10        0    24680    24736    25968 
20872 codespace ./cli kernel images/1024x10        0    24684    24737    25948 
20878 codespace ./cli kernel images/1024x10        0    24684    24743    26040 
%CPU %MEM ARGS Fri Oct  2 22:30:53 UTC 2026
 0.0  0.0 grep --color=auto ./cli       0  2204
19.2  0.3 ./cli kernel images/1024x10   0 25968
20.2  0.3 ./cli kernel images/1024x10   0 25932
20.6  0.3 ./cli kernel images/1024x10   0 25932
21.7  0.3 ./cli kernel images/1024x10   1 26040
22.2  0.3 ./cli kernel images/1024x10   0 25948
  PID User     Command                         Swap      USS      PSS      RSS 
21369 codespace /usr/bin/python3 /usr/bin/s        0    12052    12313    14456 
20874 codespace ./cli kernel images/1024x10        0    24680    24732    25932 
20876 codespace ./cli kernel images/1024x10        0    24680    24732    25932 
20870 codespace ./cli kernel images/1024x10        0    24680    24736    25968 
20872 codespace ./cli kernel images/1024x10        0    24684    24736    25948 
20878 codespace ./cli kernel images/1024x10        0    24684    24743    26040 
%CPU %MEM ARGS Fri Oct  2 22:30:54 UTC 2026
 0.0  0.0 grep --color=auto ./cli       0  2308
19.2  0.3 ./cli kernel images/1024x10   0 25968
20.1  0.3 ./cli kernel images/1024x10   0 25932
20.6  0.3 ./cli kernel images/1024x10   1 25932
21.9  0.3 ./cli kernel images/1024x10   0 26040
22.1  0.3 ./cli kernel images/1024x10   0 25948
  PID User     Command                         Swap      USS      PSS      RSS 
21375 codespace /usr/bin/python3 /usr/bin/s        0    12056    12315    14508 
20870 codespace ./cli kernel images/1024x10        0    24680    24729    25968 
20872 codespace ./cli kernel images/1024x10        0    24684    24731    25948 
20874 codespace ./cli kernel images/1024x10        0    24680    24732    25932 
20876 codespace ./cli kernel images/1024x10        0    24680    24732    25932 
20878 codespace ./cli kernel images/1024x10        0    24684    24743    26040 
%CPU %MEM ARGS Fri Oct  2 22:30:55 UTC 2026
 0.0  0.0 grep --color=auto ./cli       0  2248
19.1  0.3 ./cli kernel images/1024x10   1 25968
20.0  0.3 ./cli kernel images/1024x10   0 25932
20.9  0.3 ./cli kernel images/1024x10   0 25932
21.8  0.3 ./cli kernel images/1024x10   0 26040
21.9  0.3 ./cli kernel images/1024x10   0 25948
  PID User     Command                         Swap      USS      PSS      RSS 
21387 codespace /usr/bin/python3 /usr/bin/s        0    12056    12290    14488 
20874 codespace ./cli kernel images/1024x10        0    24680    24732    25932 
20876 codespace ./cli kernel images/1024x10        0    24680    24732    25932 
20870 codespace ./cli kernel images/1024x10        0    24680    24736    25968 
20872 codespace ./cli kernel images/1024x10        0    24684    24737    25948 
20878 codespace ./cli kernel images/1024x10        0    24684    24743    26040 
%CPU %MEM ARGS Fri Oct  2 22:30:55 UTC 2026
 0.0  0.0 grep --color=auto ./cli       1  2176
19.2  0.3 ./cli kernel images/1024x10   0 25968
20.1  0.3 ./cli kernel images/1024x10   1 25932
20.8  0.3 ./cli kernel images/1024x10   1 25932
21.6  0.3 ./cli kernel images/1024x10   1 26040
21.8  0.3 ./cli kernel images/1024x10   1 25948
  PID User     Command                         Swap      USS      PSS      RSS 
21393 codespace /usr/bin/python3 /usr/bin/s        0    12060    12318    14512 
20874 codespace ./cli kernel images/1024x10        0    24680    24732    25932 
20876 codespace ./cli kernel images/1024x10        0    24680    24732    25932 
20870 codespace ./cli kernel images/1024x10        0    24680    24735    25968 
20872 codespace ./cli kernel images/1024x10        0    24684    24737    25948 
20878 codespace ./cli kernel images/1024x10        0    24684    24743    26040 
%CPU %MEM ARGS Fri Oct  2 22:30:56 UTC 2026
 0.0  0.0 grep --color=auto ./cli       0  2236
19.3  0.3 ./cli kernel images/1024x10   0 25968
20.1  0.3 ./cli kernel images/1024x10   1 25932
20.8  0.3 ./cli kernel images/1024x10   0 25932
21.6  0.3 ./cli kernel images/1024x10   0 26040
21.8  0.3 ./cli kernel images/1024x10   0 25948
  PID User     Command                         Swap      USS      PSS      RSS 
21399 codespace /usr/bin/python3 /usr/bin/s        0    12048    12283    14436 
20874 codespace ./cli kernel images/1024x10        0    24680    24732    25932 
20876 codespace ./cli kernel images/1024x10        0    24680    24732    25932 
20870 codespace ./cli kernel images/1024x10        0    24680    24736    25968 
20872 codespace ./cli kernel images/1024x10        0    24684    24736    25948 
20878 codespace ./cli kernel images/1024x10        0    24684    24743    26040 
%CPU %MEM ARGS Fri Oct  2 22:30:57 UTC 2026
 0.0  0.0 grep --color=auto ./cli       0  2172
19.4  0.3 ./cli kernel images/1024x10   1 25968
20.1  0.3 ./cli kernel images/1024x10   0 25932
20.7  0.3 ./cli kernel images/1024x10   0 25932
21.5  0.3 ./cli kernel images/1024x10   0 26040
21.6  0.3 ./cli kernel images/1024x10   0 25948
  PID User     Command                         Swap      USS      PSS      RSS 
21410 codespace /usr/bin/python3 /usr/bin/s        0    12084    12347    14568 
20874 codespace ./cli kernel images/1024x10        0    24680    24732    25932 
20876 codespace ./cli kernel images/1024x10        0    24680    24732    25932 
20870 codespace ./cli kernel images/1024x10        0    24680    24736    25968 
20872 codespace ./cli kernel images/1024x10        0    24684    24737    25948 
20878 codespace ./cli kernel images/1024x10        0    24684    24743    26040 
%CPU %MEM ARGS Fri Oct  2 22:30:58 UTC 2026
 0.0  0.0 grep --color=auto ./cli       0  2340
19.6  0.3 ./cli kernel images/1024x10   1 25968
20.0  0.3 ./cli kernel images/1024x10   0 25932
20.6  0.3 ./cli kernel images/1024x10   0 25932
21.4  0.3 ./cli kernel images/1024x10   1 26040
21.6  0.3 ./cli kernel images/1024x10   0 25948
  PID User     Command                         Swap      USS      PSS      RSS 
21422 codespace /usr/bin/python3 /usr/bin/s        0    12112    12373    14616 
20874 codespace ./cli kernel images/1024x10        0    24680    24732    25932 
20876 codespace ./cli kernel images/1024x10        0    24680    24732    25932 
20870 codespace ./cli kernel images/1024x10        0    24680    24736    25968 
20872 codespace ./cli kernel images/1024x10        0    24684    24736    25948 
20878 codespace ./cli kernel images/1024x10        0    24684    24743    26040 
%CPU %MEM ARGS Fri Oct  2 22:30:59 UTC 2026
 0.0  0.0 grep --color=auto ./cli       0  2196
19.7  0.3 ./cli kernel images/1024x10   1 25968
20.0  0.3 ./cli kernel images/1024x10   0 25932
20.6  0.3 ./cli kernel images/1024x10   0 25932
21.3  0.3 ./cli kernel images/1024x10   0 26040
21.5  0.3 ./cli kernel images/1024x10   0 25948
  PID User     Command                         Swap      USS      PSS      RSS 
21428 codespace /usr/bin/python3 /usr/bin/s        0    12136    12401    14580 
20874 codespace ./cli kernel images/1024x10        0    24680    24732    25932 
20876 codespace ./cli kernel images/1024x10        0    24680    24732    25932 
20870 codespace ./cli kernel images/1024x10        0    24680    24736    25968 
20872 codespace ./cli kernel images/1024x10        0    24684    24736    25948 
20878 codespace ./cli kernel images/1024x10        0    24684    24743    26040 
%CPU %MEM ARGS Fri Oct  2 22:30:59 UTC 2026
 0.0  0.0 grep --color=auto ./cli       1  2172
19.9  0.3 ./cli kernel images/1024x10   0 25932
20.0  0.3 ./cli kernel images/1024x10   0 25968
20.5  0.3 ./cli kernel images/1024x10   1 25932
21.2  0.3 ./cli kernel images/1024x10   0 26040
21.3  0.3 ./cli kernel images/1024x10   0 25948
  PID User     Command                         Swap      USS      PSS      RSS 
21440 codespace /usr/bin/python3 /usr/bin/s        0    12092    12333    14512 
20874 codespace ./cli kernel images/1024x10        0    24680    24732    25932 
20876 codespace ./cli kernel images/1024x10        0    24680    24732    25932 
20870 codespace ./cli kernel images/1024x10        0    24680    24736    25968 
20872 ?        ?                                  0    24684    24737    25948 
20878 codespace ./cli kernel images/1024x10        0    24684    24743    26040 
%CPU %MEM ARGS Fri Oct  2 22:31:00 UTC 2026
 0.0  0.0 grep --color=auto ./cli       0  2172
19.9  0.3 ./cli kernel images/1024x10   0 25932
19.9  0.3 ./cli kernel images/1024x10   0 25968
20.5  0.3 ./cli kernel images/1024x10   1 25932
21.1  0.3 ./cli kernel images/1024x10   0 26040
  PID User     Command                         Swap      USS      PSS      RSS 
21465 codespace /usr/bin/python3 /usr/bin/s        0    12080    12325    14528 
20874 codespace ./cli kernel images/1024x10        0    24680    24739    25932 
20876 codespace ./cli kernel images/1024x10        0    24680    24739    25932 
20870 codespace ./cli kernel images/1024x10        0    24680    24743    25968 
%CPU %MEM ARGS Fri Oct  2 22:31:01 UTC 2026
 0.0  0.0 grep --color=auto ./cli       0  2136
19.9  0.3 ./cli kernel images/1024x10   0 25932
19.9  0.3 ./cli kernel images/1024x10   0 25968
20.6  0.3 ./cli kernel images/1024x10   0 25932
  PID User     Command                         Swap      USS      PSS      RSS 
21470 codespace /usr/bin/python3 /usr/bin/s        0    12060    12324    14504 
20876 codespace ./cli kernel images/1024x10        0    24680    24738    25932 
20874 codespace ./cli kernel images/1024x10        0    24680    24739    25932 
20870 codespace ./cli kernel images/1024x10        0    24680    24743    25968 
%CPU %MEM ARGS Fri Oct  2 22:31:02 UTC 2026
 0.0  0.0 grep --color=auto ./cli       0  2304
20.0  0.3 ./cli kernel images/1024x10   1 25932
20.2  0.3 ./cli kernel images/1024x10   1 25968
20.7  0.0 ./cli kernel images/1024x10   0  1348
  PID User     Command                         Swap      USS      PSS      RSS 
21482 codespace /usr/bin/python3 /usr/bin/s        0    12060    12329    14504 
20876 codespace ./cli kernel images/1024x10        0    24680    24747    25932 
20870 codespace ./cli kernel images/1024x10        0    24680    24750    25968 
%CPU %MEM ARGS Fri Oct  2 22:31:02 UTC 2026
 0.0  0.0 grep --color=auto ./cli       0  2172
20.2  0.3 ./cli kernel images/1024x10   1 25932
20.3  0.3 ./cli kernel images/1024x10   1 25968
  PID User     Command                         Swap      USS      PSS      RSS 
21487 codespace /usr/bin/python3 /usr/bin/s        0    11912    12193    14408 
